// Jest Snapshot v1, https://goo.gl/fbAQLP

exports[`<Errors /> when there are errors renders all of them 1`] = `
.c1 {
  display: -webkit-box;
  display: -webkit-flex;
  display: -ms-flexbox;
  display: flex;
  -webkit-flex: 1;
  -ms-flex: 1;
  flex: 1;
  -webkit-flex-direction: column;
  -ms-flex-direction: column;
  flex-direction: column;
}

.c0 {
  -webkit-align-self: flex-start;
  -ms-flex-item-align: start;
  align-self: flex-start;
  margin-bottom: 10px;
}

.c2 {
  font-family: 'Open Sans',sans-serif;
  font-weight: 400;
  font-size: 12px;
  color: rgba(244,96,54,0.8);
}

<div
  aria-live="polite"
  class="c0 c1"
  id="errors"
  role="alert"
>
  <p
    class="c2"
    color="rgba(244, 96, 54, 0.8)"
  >
    Some error.
  </p>
  <p
    class="c2"
    color="rgba(244, 96, 54, 0.8)"
  >
    Some other error.
  </p>
</div>
`;

exports[`<Errors /> when there are no errors renders nothing 1`] = `null`;
